     1 00000000                                 [FORMAT "WCOFF"]
     2 00000000                                 [INSTRSET "i486p"]
     3 00000000                                 [OPTIMIZE 1]
     4 00000000                                 [OPTION 1]
     5 00000000                                 [BITS 32]
     6 00000000                                 	EXTERN	_init_gdtidt
     7 00000000                                 	EXTERN	_init_pic
     8 00000000                                 	EXTERN	_io_sti
     9 00000000                                 	EXTERN	_init_palette
    10 00000000                                 	EXTERN	_init_screen8
    11 00000000                                 	EXTERN	_init_mouse_cursor8
    12 00000000                                 	EXTERN	_putblock8_8
    13 00000000                                 	EXTERN	_sprintf
    14 00000000                                 	EXTERN	_putfonts8_asc
    15 00000000                                 	EXTERN	_io_out8
    16 00000000                                 	EXTERN	_io_cli
    17 00000000                                 	EXTERN	_keybuf
    18 00000000                                 	EXTERN	_boxfill8
    19 00000000                                 	EXTERN	_io_stihlt
    20 00000000                                 [FILE "bootpack.c"]
    21                                          [SECTION .data]
    22 00000000                                 LC0:
    23 00000000 28 25 64 2C 20 25 64 29 00      	DB	"(%d, %d)",0x00
    24 00000009                                 LC1:
    25 00000009 25 30 32 58 00                  	DB	"%02X",0x00
    26                                          [SECTION .text]
    27 00000000                                 	GLOBAL	_HariMain
    28 00000000                                 _HariMain:
    29 00000000 55                              	PUSH	EBP
    30 00000001 89 E5                           	MOV	EBP,ESP
    31 00000003 57                              	PUSH	EDI
    32 00000004 56                              	PUSH	ESI
    33 00000005 53                              	PUSH	EBX
    34 00000006 8D 9D FFFFFEC4                  	LEA	EBX,DWORD [-316+EBP]
    35 0000000C 81 EC 00000130                  	SUB	ESP,304
    36 00000012 E8 [00000000]                   	CALL	_init_gdtidt
    37 00000017 E8 [00000000]                   	CALL	_init_pic
    38 0000001C E8 [00000000]                   	CALL	_io_sti
    39 00000021 E8 [00000000]                   	CALL	_init_palette
    40 00000026 0F BF 05 00000FF6               	MOVSX	EAX,WORD [4086]
    41 0000002D 50                              	PUSH	EAX
    42 0000002E 0F BF 05 00000FF4               	MOVSX	EAX,WORD [4084]
    43 00000035 50                              	PUSH	EAX
    44 00000036 FF 35 00000FF8                  	PUSH	DWORD [4088]
    45 0000003C E8 [00000000]                   	CALL	_init_screen8
    46 00000041 B9 00000002                     	MOV	ECX,2
    47 00000046 0F BF 05 00000FF4               	MOVSX	EAX,WORD [4084]
    48 0000004D 8D 50 F0                        	LEA	EDX,DWORD [-16+EAX]
    49 00000050 89 D0                           	MOV	EAX,EDX
    50 00000052 99                              	CDQ
    51 00000053 F7 F9                           	IDIV	ECX
    52 00000055 0F BF 15 00000FF6               	MOVSX	EDX,WORD [4086]
    53 0000005C 83 EA 2C                        	SUB	EDX,44
    54 0000005F 89 C7                           	MOV	EDI,EAX
    55 00000061 89 D0                           	MOV	EAX,EDX
    56 00000063 6A 0E                           	PUSH	14
    57 00000065 99                              	CDQ
    58 00000066 F7 F9                           	IDIV	ECX
    59 00000068 53                              	PUSH	EBX
    60 00000069 89 C6                           	MOV	ESI,EAX
    61 0000006B E8 [00000000]                   	CALL	_init_mouse_cursor8
    62 00000070 6A 10                           	PUSH	16
    63 00000072 53                              	PUSH	EBX
    64 00000073 8D 5D C4                        	LEA	EBX,DWORD [-60+EBP]
    65 00000076 56                              	PUSH	ESI
    66 00000077 57                              	PUSH	EDI
    67 00000078 6A 10                           	PUSH	16
    68 0000007A 6A 10                           	PUSH	16
    69 0000007C 0F BF 05 00000FF4               	MOVSX	EAX,WORD [4084]
    70 00000083 50                              	PUSH	EAX
    71 00000084 FF 35 00000FF8                  	PUSH	DWORD [4088]
    72 0000008A E8 [00000000]                   	CALL	_putblock8_8
    73 0000008F 83 C4 34                        	ADD	ESP,52
    74 00000092 56                              	PUSH	ESI
    75 00000093 57                              	PUSH	EDI
    76 00000094 68 [00000000]                   	PUSH	LC0
    77 00000099 53                              	PUSH	EBX
    78 0000009A E8 [00000000]                   	CALL	_sprintf
    79 0000009F 53                              	PUSH	EBX
    80 000000A0 6A 07                           	PUSH	7
    81 000000A2 6A 00                           	PUSH	0
    82 000000A4 6A 00                           	PUSH	0
    83 000000A6 0F BF 05 00000FF4               	MOVSX	EAX,WORD [4084]
    84 000000AD 50                              	PUSH	EAX
    85 000000AE FF 35 00000FF8                  	PUSH	DWORD [4088]
    86 000000B4 E8 [00000000]                   	CALL	_putfonts8_asc
    87 000000B9 83 C4 28                        	ADD	ESP,40
    88 000000BC 68 000000F9                     	PUSH	249
    89 000000C1 6A 21                           	PUSH	33
    90 000000C3 E8 [00000000]                   	CALL	_io_out8
    91 000000C8 68 000000EF                     	PUSH	239
    92 000000CD 68 000000A1                     	PUSH	161
    93 000000D2 E8 [00000000]                   	CALL	_io_out8
    94 000000D7 83 C4 10                        	ADD	ESP,16
    95 000000DA                                 L2:
    96 000000DA E8 [00000000]                   	CALL	_io_cli
    97 000000DF 8B 15 [00000028]                	MOV	EDX,DWORD [_keybuf+40]
    98 000000E5 85 D2                           	TEST	EDX,EDX
    99 000000E7 0F 84 00000080                  	JE	L8
   100 000000ED A1 [00000020]                   	MOV	EAX,DWORD [_keybuf+32]
   101 000000F2 4A                              	DEC	EDX
   102 000000F3 89 15 [00000028]                	MOV	DWORD [_keybuf+40],EDX
   103 000000F9 0F B6 98 [00000000]             	MOVZX	EBX,BYTE [_keybuf+EAX]
   104 00000100 40                              	INC	EAX
   105 00000101 A3 [00000020]                   	MOV	DWORD [_keybuf+32],EAX
   106 00000106 83 F8 20                        	CMP	EAX,32
   107 00000109 74 56                           	JE	L9
   108 0000010B                                 L7:
   109 0000010B E8 [00000000]                   	CALL	_io_sti
   110 00000110 53                              	PUSH	EBX
   111 00000111 68 [00000009]                   	PUSH	LC1
   112 00000116 8D 5D C4                        	LEA	EBX,DWORD [-60+EBP]
   113 00000119 53                              	PUSH	EBX
   114 0000011A E8 [00000000]                   	CALL	_sprintf
   115 0000011F 6A 1F                           	PUSH	31
   116 00000121 6A 0F                           	PUSH	15
   117 00000123 6A 10                           	PUSH	16
   118 00000125 6A 00                           	PUSH	0
   119 00000127 6A 0E                           	PUSH	14
   120 00000129 0F BF 05 00000FF4               	MOVSX	EAX,WORD [4084]
   121 00000130 50                              	PUSH	EAX
   122 00000131 FF 35 00000FF8                  	PUSH	DWORD [4088]
   123 00000137 E8 [00000000]                   	CALL	_boxfill8
   124 0000013C 83 C4 28                        	ADD	ESP,40
   125 0000013F 53                              	PUSH	EBX
   126 00000140 6A 07                           	PUSH	7
   127 00000142 6A 10                           	PUSH	16
   128 00000144 6A 00                           	PUSH	0
   129 00000146 0F BF 05 00000FF4               	MOVSX	EAX,WORD [4084]
   130 0000014D 50                              	PUSH	EAX
   131 0000014E FF 35 00000FF8                  	PUSH	DWORD [4088]
   132 00000154 E8 [00000000]                   	CALL	_putfonts8_asc
   133 00000159 83 C4 18                        	ADD	ESP,24
   134 0000015C E9 FFFFFF79                     	JMP	L2
   135 00000161                                 L9:
   136 00000161 C7 05 [00000020] 00000000       	MOV	DWORD [_keybuf+32],0
   137 0000016B EB 9E                           	JMP	L7
   138 0000016D                                 L8:
   139 0000016D E8 [00000000]                   	CALL	_io_stihlt
   140 00000172 E9 FFFFFF63                     	JMP	L2
